/usr/local/lib/python3.10/dist-packages/umap/umap_.py:1952: UserWarning: n_jobs value 1 overridden to 1 by setting random_state. Use no seed for parallelism.
  warn(
/usr/local/lib/python3.10/dist-packages/umap/umap_.py:1952: UserWarning: n_jobs value 1 overridden to 1 by setting random_state. Use no seed for parallelism.
  warn(
Namespace(protein_data_path='.///output/imputed_matrix_2026-02-02.csv', precomputed_lasso_coefs_path='./data/python_input/coefs_from_lasso.pkl', brown_markers_path='./data/python_input/marker.txt', sample_labels_path='.///output/meta_data2026-02-02.csv', recompute_lasso_markers=True, compute_shaps=False)
LASSO genes not found, calculating...
Selected (93, 5) features using LASSO.

## Generating Base Plots ##

## Generating Base Plots ##
(116, 1551)
PCA Explained Variance Ratios: [0.08390771 0.04864455]
--- Calculating LDA-based Score (PCA features) ---
--- Calculating LDA-based Score (LASSO features) ---
--- Calculating Random Forest-based Score ---
--- Calculating Logistic Regression-based Score (LASSO features) ---
--- Calculating Logistic Regression-based Score (Marker genes) ---
Sample of calculated scores:
                                                   Status  ... Composite_Score
Haas2021-Haas2021-X.9..TP_Thermogenesis_RT_A.PG...  Brown  ...       18.511227
Haas2021-Haas2021-X.10..TP_Thermogenesis_RT_B.P...  Brown  ...       18.825115
Haas2021-Haas2021-X.11..TP_Thermogenesis_RT_C.P...  Brown  ...       18.467549
Haas2021-Haas2021-X.12..TP_Thermogenesis_RT_D.P...  Brown  ...       16.548858
Haas2022-Haas2022-X.9..2022_TP_Thermogenesis_RT...  Brown  ...       18.088574

[5 rows x 15 columns]
--- Generating score distribution plots ---

## Plotting Score Distributions ##
[plot_score_distributions] Saved ./output/python_output/pca_browning_score_PC1_distribution.png
[plot_score_distributions] Saved ./output/python_output/pca_browning_score_PC2_distribution.png
[plot_score_distributions] Saved ./output/python_output/lda_browning_score_Brown_distribution.png
[plot_score_distributions] Saved ./output/python_output/lda_browning_score_White_distribution.png
[plot_score_distributions] Saved ./output/python_output/lda_browning_score_Brown_lasso_distribution.png
[plot_score_distributions] Saved ./output/python_output/lda_browning_score_White_lasso_distribution.png
[plot_score_distributions] Saved ./output/python_output/rf_browning_score_Brown_distribution.png
[plot_score_distributions] Saved ./output/python_output/rf_browning_score_White_distribution.png
[plot_score_distributions] Saved ./output/python_output/lr_browning_score_Brown_distribution.png
[plot_score_distributions] Saved ./output/python_output/lr_browning_score_White_distribution.png
[plot_score_distributions] Saved ./output/python_output/lr_browning_score_Brown_markers_distribution.png
[plot_score_distributions] Saved ./output/python_output/lr_browning_score_White_markers_distribution.png
[plot_score_distributions] Saved ./output/python_output/Composite_Score_distribution.png
=== AI-BATS Pipeline Completed Successfully ===
Results saved to: script_outputs/
- Comprehensive scores: all_sample_scores.csv
- Visualizations: Various PNG files
- SHAP analysis: SHAP value arrays and plots
- Feature importance: Individual model importance plots
- Correlation analysis: correlation_matrix.png
Total time taken: 59.42513418197632 seconds
[W202 08:18:41.005213287 AllocatorConfig.cpp:28] Warning: PYTORCH_CUDA_ALLOC_CONF is deprecated, use PYTORCH_ALLOC_CONF instead (function operator())
